App.tsx(511,14): error TS2552: Cannot find name 'Clock'. Did you mean 'Lock'?
components/Dashboard.tsx(31,24): error TS2305: Module '"../types"' has no exported member 'Group'.
components/Dashboard.tsx(31,53): error TS2305: Module '"../types"' has no exported member 'AcademicTerm'.
